### Section compile
DISPLAY=%DISPLAY%
HOME=%HOME%
LANG=en_US.UTF-8 \
MY_ENV_VAR=x \
PATH=/bin:/usr/bin \
    %JDKHOME%/bin/javac \
        -J-Dmy.vm.option=x \
        -J-Dtest.src=%WS%/test/rerun/std \
        -J-Dtest.src.path=%WS%/test/rerun/std \
        -J-Dtest.classes=%BUILD%/RerunTest.othervm/work/classes/std \
        -J-Dtest.class.path=%BUILD%/RerunTest.othervm/work/classes/std \
        -J-Dtest.vm.opts=-Dmy.vm.option=x \
        -J-Dtest.tool.vm.opts=-J-Dmy.vm.option=x \
        -J-Dtest.compiler.opts=-XDmy.javac.option=x \
        -J-Dtest.java.opts=-Dmy.java.option=x \
        -J-Dtest.jdk=%JDKHOME% \
        -J-Dcompile.jdk=%JDKHOME% \
        -J-Dtest.timeout.factor=1.0 \
        -XDmy.javac.option=x \
        -d %BUILD%/RerunTest.othervm/work/classes/std \
        -sourcepath %WS%/test/rerun/std \
        -classpath %WS%/test/rerun/std:%BUILD%/RerunTest.othervm/work/classes/std:%JDKHOME%/lib/tools.jar \
        -XDignore.symbol.file=true %WS%/test/rerun/std/MainTest.java

### Section main
DISPLAY=%DISPLAY%
HOME=%HOME%
LANG=en_US.UTF-8 \
MY_ENV_VAR=x \
PATH=/bin:/usr/bin \
CLASSPATH=%BUILD%/RerunTest.othervm/work/classes/std:%WS%/test/rerun/std:%JDKHOME%/lib/tools.jar:%BUILD%/images/jtreg/lib/javatest.jar:%BUILD%/images/jtreg/lib/jtreg.jar \
    %JDKHOME%/bin/java \
        -Dtest.src=%WS%/test/rerun/std \
        -Dtest.src.path=%WS%/test/rerun/std \
        -Dtest.classes=%BUILD%/RerunTest.othervm/work/classes/std \
        -Dtest.class.path=%BUILD%/RerunTest.othervm/work/classes/std \
        -Dtest.vm.opts=-Dmy.vm.option=x \
        -Dtest.tool.vm.opts=-J-Dmy.vm.option=x \
        -Dtest.compiler.opts=-XDmy.javac.option=x \
        -Dtest.java.opts=-Dmy.java.option=x \
        -Dtest.jdk=%JDKHOME% \
        -Dcompile.jdk=%JDKHOME% \
        -Dtest.timeout.factor=1.0 \
        -Dmy.vm.option=x \
        -Dmy.java.option=x \
        com.sun.javatest.regtest.agent.MainWrapper %BUILD%/RerunTest.othervm/work/std/MainTest.d/main.0.jta

