ExportsDynamicFail.java:31:32: compiler.err.doesnt.exist: com.sun.tools.javac.main
1 error
