### Section compile
cd %BUILD%/RerunTest.othervm/work/scratch && \
DISPLAY=%DISPLAY% \
HOME=%HOME% \
LANG=en_US.UTF-8 \
MY_ENV_VAR=x \
PATH=/bin:/usr/bin \
TZ=GMT+0.00 \
    %JDKHOME%/bin/javac \
        -J-Dmy.vm.option=x \
        -J-Dtest.src=%WS%/test/rerun/testng \
        -J-Dtest.src.path=%WS%/test/rerun/testng \
        -J-Dtest.classes=%BUILD%/RerunTest.othervm/work/classes/testng \
        -J-Dtest.class.path=%BUILD%/RerunTest.othervm/work/classes/testng \
        -J-Dtest.vm.opts=-Dmy.vm.option=x \
        -J-Dtest.tool.vm.opts=-J-Dmy.vm.option=x \
        -J-Dtest.compiler.opts=-XDmy.javac.option=x \
        -J-Dtest.java.opts=-Dmy.java.option=x \
        -J-Dtest.jdk=%JDKHOME% \
        -J-Dcompile.jdk=%JDKHOME% \
        -J-Dtest.timeout.factor=1.0 \
        @%BUILD%/RerunTest.othervm/work/testng/TestNGTest.d/compile.0.jta

### Section testng
cd %BUILD%/RerunTest.othervm/work/scratch && \
DISPLAY=%DISPLAY% \
HOME=%HOME% \
LANG=en_US.UTF-8 \
MY_ENV_VAR=x \
PATH=/bin:/usr/bin \
TZ=GMT+0.00 \
CLASSPATH=%BUILD%/RerunTest.othervm/work/classes/testng:%WS%/test/rerun/testng:%BUILD%/images/jtreg/lib/testng.jar:%JDKHOME%/lib/tools.jar:%BUILD%/images/jtreg/lib/javatest.jar:%BUILD%/images/jtreg/lib/jtreg.jar \
    %JDKHOME%/bin/java \
        -Dtest.src=%WS%/test/rerun/testng \
        -Dtest.src.path=%WS%/test/rerun/testng \
        -Dtest.classes=%BUILD%/RerunTest.othervm/work/classes/testng \
        -Dtest.class.path=%BUILD%/RerunTest.othervm/work/classes/testng \
        -Dtest.vm.opts=-Dmy.vm.option=x \
        -Dtest.tool.vm.opts=-J-Dmy.vm.option=x \
        -Dtest.compiler.opts=-XDmy.javac.option=x \
        -Dtest.java.opts=-Dmy.java.option=x \
        -Dtest.jdk=%JDKHOME% \
        -Dcompile.jdk=%JDKHOME% \
        -Dtest.timeout.factor=1.0 \
        -Dmy.vm.option=x \
        -Dmy.java.option=x \
        com.sun.javatest.regtest.agent.MainWrapper %BUILD%/RerunTest.othervm/work/testng/TestNGTest.d/testng.1.jta testng/TestNGTest.java false TestNGTest

