### Section compile
cd %BUILD%/RerunTest.agentvm/work/scratch && \
DISPLAY=%DISPLAY% \
HOME=%HOME% \
LANG=en_US.UTF-8 \
MY_ENV_VAR=x \
PATH=/bin:/usr/bin \
TZ=GMT+0.00 \
    %JDKHOME%/bin/javac \
        -J-Dmy.vm.option=x \
        -J-Dmy.java.option=x \
        -J-Dtest.class.path.prefix=%BUILD%/RerunTest.agentvm/work/classes/testng:%WS%/test/rerun/testng \
        -J-Dtest.src=%WS%/test/rerun/testng \
        -J-Dtest.src.path=%WS%/test/rerun/testng \
        -J-Dtest.classes=%BUILD%/RerunTest.agentvm/work/classes/testng \
        -J-Dtest.class.path=%BUILD%/RerunTest.agentvm/work/classes/testng \
        -J-Dtest.vm.opts=-Dmy.vm.option=x \
        -J-Dtest.tool.vm.opts=-J-Dmy.vm.option=x \
        -J-Dtest.compiler.opts=-XDmy.javac.option=x \
        -J-Dtest.java.opts=-Dmy.java.option=x \
        -J-Dtest.jdk=%JDKHOME% \
        -J-Dcompile.jdk=%JDKHOME% \
        -J-Dtest.timeout.factor=1.0 \
        -J-Dtest.root=%WS%/test/rerun \
        -XDmy.javac.option=x \
        -d %BUILD%/RerunTest.agentvm/work/classes/testng \
        -sourcepath %WS%/test/rerun/testng \
        -classpath %WS%/test/rerun/testng:%BUILD%/RerunTest.agentvm/work/classes/testng:%BUILD%/images/jtreg/lib/testng.jar:%JDKHOME%/lib/tools.jar \
        -XDignore.symbol.file=true \
        -implicit:none %WS%/test/rerun/testng/TestNGTest.java

### Section testng
cd %BUILD%/RerunTest.agentvm/work/scratch && \
DISPLAY=%DISPLAY% \
HOME=%HOME% \
LANG=en_US.UTF-8 \
MY_ENV_VAR=x \
PATH=/bin:/usr/bin \
TZ=GMT+0.00 \
    %JDKHOME%/bin/java \
        -Dtest.class.path.prefix=%BUILD%/RerunTest.agentvm/work/classes/testng:%WS%/test/rerun/testng \
        -Dtest.src=%WS%/test/rerun/testng \
        -Dtest.src.path=%WS%/test/rerun/testng \
        -Dtest.classes=%BUILD%/RerunTest.agentvm/work/classes/testng \
        -Dtest.class.path=%BUILD%/RerunTest.agentvm/work/classes/testng \
        -Dtest.vm.opts=-Dmy.vm.option=x \
        -Dtest.tool.vm.opts=-J-Dmy.vm.option=x \
        -Dtest.compiler.opts=-XDmy.javac.option=x \
        -Dtest.java.opts=-Dmy.java.option=x \
        -Dtest.jdk=%JDKHOME% \
        -Dcompile.jdk=%JDKHOME% \
        -Dtest.timeout.factor=1.0 \
        -Dtest.root=%WS%/test/rerun \
        -classpath %BUILD%/RerunTest.agentvm/work/classes/testng:%WS%/test/rerun/testng:%BUILD%/images/jtreg/lib/testng.jar:%JDKHOME%/lib/tools.jar:%BUILD%/images/jtreg/lib/javatest.jar:%BUILD%/images/jtreg/lib/jtreg.jar \
        com.sun.javatest.regtest.agent.TestNGRunner testng/TestNGTest.java false TestNGTest

