### Section compile
DISPLAY=%DISPLAY%
HOME=%HOME%
LANG=en_US.UTF-8 \
PATH=/bin:/usr/bin \
    %JDKHOME%/bin/javac \
        -J-Dmy.vm.option=x \
        -J-Dtest.vm.opts=-Dmy.vm.option=x \
        -J-Dcompile.jdk=%JDKHOME% \
        -J-Dtest.src.path=%WS%/src/share/test/javatest/regtest/data/rerun/std \
        -J-Dtest.src=%WS%/src/share/test/javatest/regtest/data/rerun/std \
        -J-Dtest.tool.vm.opts=-J-Dmy.vm.option=x \
        -J-Dtest.class.path=%WS%/build/RerunTest.samevm/work/classes/std \
        -J-Dtest.timeout.factor=1.0 \
        -J-Dtest.classes=%WS%/build/RerunTest.samevm/work/classes/std \
        -J-Dtest.class.path.prefix=%WS%/build/RerunTest.samevm/work/classes/std:%WS%/src/share/test/javatest/regtest/data/rerun/std \
        -J-Dtest.jdk=%JDKHOME% \
        -J-Dtest.java.opts= \
        -J-Dtest.compiler.opts= \
        -d %WS%/build/RerunTest.samevm/work/classes/std -classpath %WS%/build/RerunTest.samevm/work/classes/std:%WS%/src/share/test/javatest/regtest/data/rerun/std:%JDKHOME%/lib/tools.jar -sourcepath %WS%/src/share/test/javatest/regtest/data/rerun/std %WS%/src/share/test/javatest/regtest/data/rerun/std/CompileTest.java

