### Section compile
DISPLAY=%DISPLAY%
HOME=%HOME%
LANG=en_US.UTF-8 \
MY_ENV_VAR=x \
PATH=/bin:/usr/bin \
    %JDKHOME%/bin/javac \
        -J-Dmy.vm.option=x \
        -J-Dmy.java.option=x \
        -J-Dtest.vm.opts=-Dmy.vm.option=x \
        -J-Dcompile.jdk=%JDKHOME% \
        -J-Dtest.src.path=%WS%/src/share/test/javatest/regtest/data/rerun/std \
        -J-Dtest.src=%WS%/src/share/test/javatest/regtest/data/rerun/std \
        -J-Dtest.tool.vm.opts=-J-Dmy.vm.option=x \
        -J-Dtest.class.path=%WS%/build/RerunTest.agentvm/work/classes/std \
        -J-Dtest.timeout.factor=1.0 \
        -J-Dtest.classes=%WS%/build/RerunTest.agentvm/work/classes/std \
        -J-Dtest.class.path.prefix=%WS%/build/RerunTest.agentvm/work/classes/std:%WS%/src/share/test/javatest/regtest/data/rerun/std \
        -J-Dtest.jdk=%JDKHOME% \
        -J-Dtest.java.opts=-Dmy.java.option=x \
        -J-Dtest.compiler.opts=-XDmy.javac.option=x \
        -XDmy.javac.option=x -d %WS%/build/RerunTest.agentvm/work/classes/std -classpath %WS%/build/RerunTest.agentvm/work/classes/std:%WS%/src/share/test/javatest/regtest/data/rerun/std:%JDKHOME%/lib/tools.jar -sourcepath %WS%/src/share/test/javatest/regtest/data/rerun/std -XDignore.symbol.file=true %WS%/src/share/test/javatest/regtest/data/rerun/std/MainTest.java

### Section main
DISPLAY=%DISPLAY%
HOME=%HOME%
LANG=en_US.UTF-8 \
MY_ENV_VAR=x \
PATH=/bin:/usr/bin \
    %JDKHOME%/bin/java \
        -Dtest.vm.opts=-Dmy.vm.option=x \
        -Dcompile.jdk=%JDKHOME% \
        -Dtest.src.path=%WS%/src/share/test/javatest/regtest/data/rerun/std \
        -Dtest.src=%WS%/src/share/test/javatest/regtest/data/rerun/std \
        -Dtest.tool.vm.opts=-J-Dmy.vm.option=x \
        -Dtest.class.path=%WS%/build/RerunTest.agentvm/work/classes/std \
        -Dtest.timeout.factor=1.0 \
        -Dtest.classes=%WS%/build/RerunTest.agentvm/work/classes/std \
        -Dtest.class.path.prefix=%WS%/build/RerunTest.agentvm/work/classes/std:%WS%/src/share/test/javatest/regtest/data/rerun/std \
        -Dtest.jdk=%JDKHOME% \
        -Dtest.java.opts=-Dmy.java.option=x \
        -Dtest.compiler.opts=-XDmy.javac.option=x \
        -classpath %WS%/build/RerunTest.agentvm/work/classes/std:%WS%/src/share/test/javatest/regtest/data/rerun/std:%JDKHOME%/lib/tools.jar \
        MainTest

