Test.java:7:5: compiler.err.illegal.start.of.type
Test.java:7:6: compiler.err.expected: ';'
Test.java:8:2: compiler.err.premature.eof
3 errors
